Archive member included to satisfy reference by file (symbol)

/opt/riscv/lib/gcc/riscv32-unknown-elf/12.2.0/../../../../riscv32-unknown-elf/lib/rv32i/ilp32/libc.a(lib_a-exit.o)
                              /opt/riscv/lib/gcc/riscv32-unknown-elf/12.2.0/../../../../riscv32-unknown-elf/lib/rv32i/ilp32/crt0.o (exit)
/opt/riscv/lib/gcc/riscv32-unknown-elf/12.2.0/../../../../riscv32-unknown-elf/lib/rv32i/ilp32/libc.a(lib_a-impure.o)
                              /opt/riscv/lib/gcc/riscv32-unknown-elf/12.2.0/../../../../riscv32-unknown-elf/lib/rv32i/ilp32/libc.a(lib_a-exit.o) (_global_impure_ptr)
/opt/riscv/lib/gcc/riscv32-unknown-elf/12.2.0/../../../../riscv32-unknown-elf/lib/rv32i/ilp32/libc.a(lib_a-init.o)
                              /opt/riscv/lib/gcc/riscv32-unknown-elf/12.2.0/../../../../riscv32-unknown-elf/lib/rv32i/ilp32/crt0.o (__libc_init_array)
/opt/riscv/lib/gcc/riscv32-unknown-elf/12.2.0/../../../../riscv32-unknown-elf/lib/rv32i/ilp32/libc.a(lib_a-memset.o)
                              /opt/riscv/lib/gcc/riscv32-unknown-elf/12.2.0/../../../../riscv32-unknown-elf/lib/rv32i/ilp32/crt0.o (memset)
/opt/riscv/lib/gcc/riscv32-unknown-elf/12.2.0/../../../../riscv32-unknown-elf/lib/rv32i/ilp32/libc.a(lib_a-__call_atexit.o)
                              /opt/riscv/lib/gcc/riscv32-unknown-elf/12.2.0/../../../../riscv32-unknown-elf/lib/rv32i/ilp32/libc.a(lib_a-exit.o) (__call_exitprocs)
/opt/riscv/lib/gcc/riscv32-unknown-elf/12.2.0/../../../../riscv32-unknown-elf/lib/rv32i/ilp32/libc.a(lib_a-fini.o)
                              /opt/riscv/lib/gcc/riscv32-unknown-elf/12.2.0/../../../../riscv32-unknown-elf/lib/rv32i/ilp32/libc.a(lib_a-__call_atexit.o) (__libc_fini_array)
/opt/riscv/lib/gcc/riscv32-unknown-elf/12.2.0/../../../../riscv32-unknown-elf/lib/rv32i/ilp32/libc.a(lib_a-atexit.o)
                              /opt/riscv/lib/gcc/riscv32-unknown-elf/12.2.0/../../../../riscv32-unknown-elf/lib/rv32i/ilp32/libc.a(lib_a-__call_atexit.o) (atexit)
/opt/riscv/lib/gcc/riscv32-unknown-elf/12.2.0/../../../../riscv32-unknown-elf/lib/rv32i/ilp32/libc.a(lib_a-__atexit.o)
                              /opt/riscv/lib/gcc/riscv32-unknown-elf/12.2.0/../../../../riscv32-unknown-elf/lib/rv32i/ilp32/libc.a(lib_a-atexit.o) (__register_exitproc)
/opt/riscv/lib/gcc/riscv32-unknown-elf/12.2.0/../../../../riscv32-unknown-elf/lib/rv32i/ilp32/libgloss.a(sys_exit.o)
                              /opt/riscv/lib/gcc/riscv32-unknown-elf/12.2.0/../../../../riscv32-unknown-elf/lib/rv32i/ilp32/libc.a(lib_a-exit.o) (_exit)
/opt/riscv/lib/gcc/riscv32-unknown-elf/12.2.0/../../../../riscv32-unknown-elf/lib/rv32i/ilp32/libc.a(lib_a-errno.o)
                              /opt/riscv/lib/gcc/riscv32-unknown-elf/12.2.0/../../../../riscv32-unknown-elf/lib/rv32i/ilp32/libgloss.a(sys_exit.o) (__errno)

Discarded input sections

 .text          0x00000000       0x68 /opt/riscv/lib/gcc/riscv32-unknown-elf/12.2.0/../../../../riscv32-unknown-elf/lib/rv32i/ilp32/crt0.o
 .data          0x00000000        0x0 /opt/riscv/lib/gcc/riscv32-unknown-elf/12.2.0/../../../../riscv32-unknown-elf/lib/rv32i/ilp32/crt0.o
 .bss           0x00000000        0x0 /opt/riscv/lib/gcc/riscv32-unknown-elf/12.2.0/../../../../riscv32-unknown-elf/lib/rv32i/ilp32/crt0.o
 .riscv.attributes
                0x00000000       0x1a /opt/riscv/lib/gcc/riscv32-unknown-elf/12.2.0/../../../../riscv32-unknown-elf/lib/rv32i/ilp32/crt0.o
 .text          0x00000000       0x74 /opt/riscv/lib/gcc/riscv32-unknown-elf/12.2.0/rv32i/ilp32/crtbegin.o
 .data          0x00000000        0x0 /opt/riscv/lib/gcc/riscv32-unknown-elf/12.2.0/rv32i/ilp32/crtbegin.o
 .bss           0x00000000       0x1c /opt/riscv/lib/gcc/riscv32-unknown-elf/12.2.0/rv32i/ilp32/crtbegin.o
 .eh_frame      0x00000000        0x0 /opt/riscv/lib/gcc/riscv32-unknown-elf/12.2.0/rv32i/ilp32/crtbegin.o
 .sdata         0x00000000        0x4 /opt/riscv/lib/gcc/riscv32-unknown-elf/12.2.0/rv32i/ilp32/crtbegin.o
 .fini_array    0x00000000        0x4 /opt/riscv/lib/gcc/riscv32-unknown-elf/12.2.0/rv32i/ilp32/crtbegin.o
 .init_array    0x00000000        0x4 /opt/riscv/lib/gcc/riscv32-unknown-elf/12.2.0/rv32i/ilp32/crtbegin.o
 .comment       0x00000000       0x1c /opt/riscv/lib/gcc/riscv32-unknown-elf/12.2.0/rv32i/ilp32/crtbegin.o
 .riscv.attributes
                0x00000000       0x1c /opt/riscv/lib/gcc/riscv32-unknown-elf/12.2.0/rv32i/ilp32/crtbegin.o
 .text          0x00000000        0x0 ./src/reset.o
 .data          0x00000000        0x0 ./src/reset.o
 .bss           0x00000000        0x0 ./src/reset.o
 .text          0x00000000        0x0 /opt/riscv/lib/gcc/riscv32-unknown-elf/12.2.0/../../../../riscv32-unknown-elf/lib/rv32i/ilp32/libc.a(lib_a-exit.o)
 .data          0x00000000        0x0 /opt/riscv/lib/gcc/riscv32-unknown-elf/12.2.0/../../../../riscv32-unknown-elf/lib/rv32i/ilp32/libc.a(lib_a-exit.o)
 .bss           0x00000000        0x0 /opt/riscv/lib/gcc/riscv32-unknown-elf/12.2.0/../../../../riscv32-unknown-elf/lib/rv32i/ilp32/libc.a(lib_a-exit.o)
 .text.exit     0x00000000       0x3c /opt/riscv/lib/gcc/riscv32-unknown-elf/12.2.0/../../../../riscv32-unknown-elf/lib/rv32i/ilp32/libc.a(lib_a-exit.o)
 .comment       0x00000000       0x13 /opt/riscv/lib/gcc/riscv32-unknown-elf/12.2.0/../../../../riscv32-unknown-elf/lib/rv32i/ilp32/libc.a(lib_a-exit.o)
 .riscv.attributes
                0x00000000       0x1c /opt/riscv/lib/gcc/riscv32-unknown-elf/12.2.0/../../../../riscv32-unknown-elf/lib/rv32i/ilp32/libc.a(lib_a-exit.o)
 .text          0x00000000        0x0 /opt/riscv/lib/gcc/riscv32-unknown-elf/12.2.0/../../../../riscv32-unknown-elf/lib/rv32i/ilp32/libc.a(lib_a-impure.o)
 .data          0x00000000        0x0 /opt/riscv/lib/gcc/riscv32-unknown-elf/12.2.0/../../../../riscv32-unknown-elf/lib/rv32i/ilp32/libc.a(lib_a-impure.o)
 .bss           0x00000000        0x0 /opt/riscv/lib/gcc/riscv32-unknown-elf/12.2.0/../../../../riscv32-unknown-elf/lib/rv32i/ilp32/libc.a(lib_a-impure.o)
 .srodata._global_impure_ptr
                0x00000000        0x4 /opt/riscv/lib/gcc/riscv32-unknown-elf/12.2.0/../../../../riscv32-unknown-elf/lib/rv32i/ilp32/libc.a(lib_a-impure.o)
 .sdata._impure_ptr
                0x00000000        0x4 /opt/riscv/lib/gcc/riscv32-unknown-elf/12.2.0/../../../../riscv32-unknown-elf/lib/rv32i/ilp32/libc.a(lib_a-impure.o)
 .data.impure_data
                0x00000000      0x428 /opt/riscv/lib/gcc/riscv32-unknown-elf/12.2.0/../../../../riscv32-unknown-elf/lib/rv32i/ilp32/libc.a(lib_a-impure.o)
 .comment       0x00000000       0x13 /opt/riscv/lib/gcc/riscv32-unknown-elf/12.2.0/../../../../riscv32-unknown-elf/lib/rv32i/ilp32/libc.a(lib_a-impure.o)
 .riscv.attributes
                0x00000000       0x1c /opt/riscv/lib/gcc/riscv32-unknown-elf/12.2.0/../../../../riscv32-unknown-elf/lib/rv32i/ilp32/libc.a(lib_a-impure.o)
 .text          0x00000000        0x0 /opt/riscv/lib/gcc/riscv32-unknown-elf/12.2.0/../../../../riscv32-unknown-elf/lib/rv32i/ilp32/libc.a(lib_a-init.o)
 .data          0x00000000        0x0 /opt/riscv/lib/gcc/riscv32-unknown-elf/12.2.0/../../../../riscv32-unknown-elf/lib/rv32i/ilp32/libc.a(lib_a-init.o)
 .bss           0x00000000        0x0 /opt/riscv/lib/gcc/riscv32-unknown-elf/12.2.0/../../../../riscv32-unknown-elf/lib/rv32i/ilp32/libc.a(lib_a-init.o)
 .text.__libc_init_array
                0x00000000       0x9c /opt/riscv/lib/gcc/riscv32-unknown-elf/12.2.0/../../../../riscv32-unknown-elf/lib/rv32i/ilp32/libc.a(lib_a-init.o)
 .comment       0x00000000       0x13 /opt/riscv/lib/gcc/riscv32-unknown-elf/12.2.0/../../../../riscv32-unknown-elf/lib/rv32i/ilp32/libc.a(lib_a-init.o)
 .riscv.attributes
                0x00000000       0x1c /opt/riscv/lib/gcc/riscv32-unknown-elf/12.2.0/../../../../riscv32-unknown-elf/lib/rv32i/ilp32/libc.a(lib_a-init.o)
 .text          0x00000000       0xdc /opt/riscv/lib/gcc/riscv32-unknown-elf/12.2.0/../../../../riscv32-unknown-elf/lib/rv32i/ilp32/libc.a(lib_a-memset.o)
 .data          0x00000000        0x0 /opt/riscv/lib/gcc/riscv32-unknown-elf/12.2.0/../../../../riscv32-unknown-elf/lib/rv32i/ilp32/libc.a(lib_a-memset.o)
 .bss           0x00000000        0x0 /opt/riscv/lib/gcc/riscv32-unknown-elf/12.2.0/../../../../riscv32-unknown-elf/lib/rv32i/ilp32/libc.a(lib_a-memset.o)
 .riscv.attributes
                0x00000000       0x1a /opt/riscv/lib/gcc/riscv32-unknown-elf/12.2.0/../../../../riscv32-unknown-elf/lib/rv32i/ilp32/libc.a(lib_a-memset.o)
 .text          0x00000000        0x0 /opt/riscv/lib/gcc/riscv32-unknown-elf/12.2.0/../../../../riscv32-unknown-elf/lib/rv32i/ilp32/libc.a(lib_a-__call_atexit.o)
 .data          0x00000000        0x0 /opt/riscv/lib/gcc/riscv32-unknown-elf/12.2.0/../../../../riscv32-unknown-elf/lib/rv32i/ilp32/libc.a(lib_a-__call_atexit.o)
 .bss           0x00000000        0x0 /opt/riscv/lib/gcc/riscv32-unknown-elf/12.2.0/../../../../riscv32-unknown-elf/lib/rv32i/ilp32/libc.a(lib_a-__call_atexit.o)
 .text.startup.register_fini
                0x00000000       0x20 /opt/riscv/lib/gcc/riscv32-unknown-elf/12.2.0/../../../../riscv32-unknown-elf/lib/rv32i/ilp32/libc.a(lib_a-__call_atexit.o)
 .init_array.00000
                0x00000000        0x4 /opt/riscv/lib/gcc/riscv32-unknown-elf/12.2.0/../../../../riscv32-unknown-elf/lib/rv32i/ilp32/libc.a(lib_a-__call_atexit.o)
 .text.__call_exitprocs
                0x00000000      0x124 /opt/riscv/lib/gcc/riscv32-unknown-elf/12.2.0/../../../../riscv32-unknown-elf/lib/rv32i/ilp32/libc.a(lib_a-__call_atexit.o)
 .comment       0x00000000       0x13 /opt/riscv/lib/gcc/riscv32-unknown-elf/12.2.0/../../../../riscv32-unknown-elf/lib/rv32i/ilp32/libc.a(lib_a-__call_atexit.o)
 .riscv.attributes
                0x00000000       0x1c /opt/riscv/lib/gcc/riscv32-unknown-elf/12.2.0/../../../../riscv32-unknown-elf/lib/rv32i/ilp32/libc.a(lib_a-__call_atexit.o)
 .text          0x00000000        0x0 /opt/riscv/lib/gcc/riscv32-unknown-elf/12.2.0/../../../../riscv32-unknown-elf/lib/rv32i/ilp32/libc.a(lib_a-fini.o)
 .data          0x00000000        0x0 /opt/riscv/lib/gcc/riscv32-unknown-elf/12.2.0/../../../../riscv32-unknown-elf/lib/rv32i/ilp32/libc.a(lib_a-fini.o)
 .bss           0x00000000        0x0 /opt/riscv/lib/gcc/riscv32-unknown-elf/12.2.0/../../../../riscv32-unknown-elf/lib/rv32i/ilp32/libc.a(lib_a-fini.o)
 .text.__libc_fini_array
                0x00000000       0x5c /opt/riscv/lib/gcc/riscv32-unknown-elf/12.2.0/../../../../riscv32-unknown-elf/lib/rv32i/ilp32/libc.a(lib_a-fini.o)
 .comment       0x00000000       0x13 /opt/riscv/lib/gcc/riscv32-unknown-elf/12.2.0/../../../../riscv32-unknown-elf/lib/rv32i/ilp32/libc.a(lib_a-fini.o)
 .riscv.attributes
                0x00000000       0x1c /opt/riscv/lib/gcc/riscv32-unknown-elf/12.2.0/../../../../riscv32-unknown-elf/lib/rv32i/ilp32/libc.a(lib_a-fini.o)
 .text          0x00000000        0x0 /opt/riscv/lib/gcc/riscv32-unknown-elf/12.2.0/../../../../riscv32-unknown-elf/lib/rv32i/ilp32/libc.a(lib_a-atexit.o)
 .data          0x00000000        0x0 /opt/riscv/lib/gcc/riscv32-unknown-elf/12.2.0/../../../../riscv32-unknown-elf/lib/rv32i/ilp32/libc.a(lib_a-atexit.o)
 .bss           0x00000000        0x0 /opt/riscv/lib/gcc/riscv32-unknown-elf/12.2.0/../../../../riscv32-unknown-elf/lib/rv32i/ilp32/libc.a(lib_a-atexit.o)
 .text.atexit   0x00000000       0x18 /opt/riscv/lib/gcc/riscv32-unknown-elf/12.2.0/../../../../riscv32-unknown-elf/lib/rv32i/ilp32/libc.a(lib_a-atexit.o)
 .comment       0x00000000       0x13 /opt/riscv/lib/gcc/riscv32-unknown-elf/12.2.0/../../../../riscv32-unknown-elf/lib/rv32i/ilp32/libc.a(lib_a-atexit.o)
 .riscv.attributes
                0x00000000       0x1c /opt/riscv/lib/gcc/riscv32-unknown-elf/12.2.0/../../../../riscv32-unknown-elf/lib/rv32i/ilp32/libc.a(lib_a-atexit.o)
 .text          0x00000000        0x0 /opt/riscv/lib/gcc/riscv32-unknown-elf/12.2.0/../../../../riscv32-unknown-elf/lib/rv32i/ilp32/libc.a(lib_a-__atexit.o)
 .data          0x00000000        0x0 /opt/riscv/lib/gcc/riscv32-unknown-elf/12.2.0/../../../../riscv32-unknown-elf/lib/rv32i/ilp32/libc.a(lib_a-__atexit.o)
 .bss           0x00000000        0x0 /opt/riscv/lib/gcc/riscv32-unknown-elf/12.2.0/../../../../riscv32-unknown-elf/lib/rv32i/ilp32/libc.a(lib_a-__atexit.o)
 .text.__register_exitproc
                0x00000000       0x9c /opt/riscv/lib/gcc/riscv32-unknown-elf/12.2.0/../../../../riscv32-unknown-elf/lib/rv32i/ilp32/libc.a(lib_a-__atexit.o)
 .comment       0x00000000       0x13 /opt/riscv/lib/gcc/riscv32-unknown-elf/12.2.0/../../../../riscv32-unknown-elf/lib/rv32i/ilp32/libc.a(lib_a-__atexit.o)
 .riscv.attributes
                0x00000000       0x1c /opt/riscv/lib/gcc/riscv32-unknown-elf/12.2.0/../../../../riscv32-unknown-elf/lib/rv32i/ilp32/libc.a(lib_a-__atexit.o)
 .text          0x00000000        0x0 /opt/riscv/lib/gcc/riscv32-unknown-elf/12.2.0/../../../../riscv32-unknown-elf/lib/rv32i/ilp32/libgloss.a(sys_exit.o)
 .data          0x00000000        0x0 /opt/riscv/lib/gcc/riscv32-unknown-elf/12.2.0/../../../../riscv32-unknown-elf/lib/rv32i/ilp32/libgloss.a(sys_exit.o)
 .bss           0x00000000        0x0 /opt/riscv/lib/gcc/riscv32-unknown-elf/12.2.0/../../../../riscv32-unknown-elf/lib/rv32i/ilp32/libgloss.a(sys_exit.o)
 .text._exit    0x00000000       0x34 /opt/riscv/lib/gcc/riscv32-unknown-elf/12.2.0/../../../../riscv32-unknown-elf/lib/rv32i/ilp32/libgloss.a(sys_exit.o)
 .comment       0x00000000       0x13 /opt/riscv/lib/gcc/riscv32-unknown-elf/12.2.0/../../../../riscv32-unknown-elf/lib/rv32i/ilp32/libgloss.a(sys_exit.o)
 .riscv.attributes
                0x00000000       0x1c /opt/riscv/lib/gcc/riscv32-unknown-elf/12.2.0/../../../../riscv32-unknown-elf/lib/rv32i/ilp32/libgloss.a(sys_exit.o)
 .text          0x00000000        0x0 /opt/riscv/lib/gcc/riscv32-unknown-elf/12.2.0/../../../../riscv32-unknown-elf/lib/rv32i/ilp32/libc.a(lib_a-errno.o)
 .data          0x00000000        0x0 /opt/riscv/lib/gcc/riscv32-unknown-elf/12.2.0/../../../../riscv32-unknown-elf/lib/rv32i/ilp32/libc.a(lib_a-errno.o)
 .bss           0x00000000        0x0 /opt/riscv/lib/gcc/riscv32-unknown-elf/12.2.0/../../../../riscv32-unknown-elf/lib/rv32i/ilp32/libc.a(lib_a-errno.o)
 .text.__errno  0x00000000        0xc /opt/riscv/lib/gcc/riscv32-unknown-elf/12.2.0/../../../../riscv32-unknown-elf/lib/rv32i/ilp32/libc.a(lib_a-errno.o)
 .comment       0x00000000       0x13 /opt/riscv/lib/gcc/riscv32-unknown-elf/12.2.0/../../../../riscv32-unknown-elf/lib/rv32i/ilp32/libc.a(lib_a-errno.o)
 .riscv.attributes
                0x00000000       0x1c /opt/riscv/lib/gcc/riscv32-unknown-elf/12.2.0/../../../../riscv32-unknown-elf/lib/rv32i/ilp32/libc.a(lib_a-errno.o)
 .text          0x00000000        0x0 /opt/riscv/lib/gcc/riscv32-unknown-elf/12.2.0/rv32i/ilp32/crtend.o
 .data          0x00000000        0x0 /opt/riscv/lib/gcc/riscv32-unknown-elf/12.2.0/rv32i/ilp32/crtend.o
 .bss           0x00000000        0x0 /opt/riscv/lib/gcc/riscv32-unknown-elf/12.2.0/rv32i/ilp32/crtend.o
 .eh_frame      0x00000000        0x4 /opt/riscv/lib/gcc/riscv32-unknown-elf/12.2.0/rv32i/ilp32/crtend.o
 .comment       0x00000000       0x1c /opt/riscv/lib/gcc/riscv32-unknown-elf/12.2.0/rv32i/ilp32/crtend.o
 .riscv.attributes
                0x00000000       0x1c /opt/riscv/lib/gcc/riscv32-unknown-elf/12.2.0/rv32i/ilp32/crtend.o

Memory Configuration

Name             Origin             Length             Attributes
brom             0x00000000         0x00001000         xr
*default*        0x00000000         0xffffffff

Linker script and memory map

LOAD /opt/riscv/lib/gcc/riscv32-unknown-elf/12.2.0/../../../../riscv32-unknown-elf/lib/rv32i/ilp32/crt0.o
LOAD /opt/riscv/lib/gcc/riscv32-unknown-elf/12.2.0/rv32i/ilp32/crtbegin.o
LOAD ./src/reset.o
LOAD /opt/riscv/lib/gcc/riscv32-unknown-elf/12.2.0/rv32i/ilp32/libgcc.a
START GROUP
LOAD /opt/riscv/lib/gcc/riscv32-unknown-elf/12.2.0/../../../../riscv32-unknown-elf/lib/rv32i/ilp32/libc.a
LOAD /opt/riscv/lib/gcc/riscv32-unknown-elf/12.2.0/../../../../riscv32-unknown-elf/lib/rv32i/ilp32/libgloss.a
END GROUP
LOAD /opt/riscv/lib/gcc/riscv32-unknown-elf/12.2.0/rv32i/ilp32/libgcc.a
LOAD /opt/riscv/lib/gcc/riscv32-unknown-elf/12.2.0/rv32i/ilp32/crtend.o
                0x00000000                        . = ORIGIN (brom)

.text           0x00000000      0x108
 *(.init)
 .init          0x00000000      0x108 ./src/reset.o
 *(.text*)
OUTPUT(image.elf elf32-littleriscv)

.riscv.attributes
                0x00000000       0x20
 .riscv.attributes
                0x00000000       0x1e ./src/reset.o

.debug_line     0x00000000      0x1ce
 .debug_line    0x00000000      0x1ce ./src/reset.o

.debug_line_str
                0x00000000       0x2a
 .debug_line_str
                0x00000000       0x2a ./src/reset.o

.debug_info     0x00000000       0x25
 .debug_info    0x00000000       0x25 ./src/reset.o

.debug_abbrev   0x00000000       0x14
 .debug_abbrev  0x00000000       0x14 ./src/reset.o

.debug_aranges  0x00000000       0x20
 .debug_aranges
                0x00000000       0x20 ./src/reset.o

.debug_str      0x00000000       0x38
 .debug_str     0x00000000       0x38 ./src/reset.o
